Analysis & Synthesis report for DCalles_Lab7_7Segments
Thu Jul 22 22:20:50 2021
Quartus Prime Version 20.1.1 Build 720 11/11/2020 SJ Lite Edition


---------------------
; Table of Contents ;
---------------------
  1. Legal Notice
  2. Analysis & Synthesis Summary
  3. Analysis & Synthesis Settings
  4. Parallel Compilation
  5. Analysis & Synthesis Source Files Read
  6. Analysis & Synthesis Resource Usage Summary
  7. Analysis & Synthesis Resource Utilization by Entity
  8. General Register Statistics
  9. Multiplexer Restructuring Statistics (Restructuring Performed)
 10. Parameter Settings for Inferred Entity Instance: ModuleDivision:ModuleDivision0|lpm_divide:Mod0
 11. Parameter Settings for Inferred Entity Instance: ModuleDivision:ModuleDivision1|lpm_divide:Div0
 12. Parameter Settings for Inferred Entity Instance: ModuleDivision:ModuleDivision1|lpm_divide:Mod0
 13. Parameter Settings for Inferred Entity Instance: ModuleDivision:ModuleDivision2|lpm_divide:Div0
 14. Parameter Settings for Inferred Entity Instance: ModuleDivision:ModuleDivision2|lpm_divide:Mod0
 15. Parameter Settings for Inferred Entity Instance: ModuleDivision:ModuleDivision3|lpm_divide:Div0
 16. Parameter Settings for Inferred Entity Instance: ModuleDivision:ModuleDivision3|lpm_divide:Mod0
 17. Parameter Settings for Inferred Entity Instance: ModuleDivision:ModuleDivision4|lpm_divide:Div0
 18. Parameter Settings for Inferred Entity Instance: ModuleDivision:ModuleDivision4|lpm_divide:Mod0
 19. Port Connectivity Checks: "ModuleDivision:ModuleDivision4"
 20. Port Connectivity Checks: "ModuleDivision:ModuleDivision3"
 21. Port Connectivity Checks: "ModuleDivision:ModuleDivision2"
 22. Port Connectivity Checks: "ModuleDivision:ModuleDivision1"
 23. Port Connectivity Checks: "ModuleDivision:ModuleDivision0"
 24. Post-Synthesis Netlist Statistics for Top Partition
 25. Elapsed Time Per Partition
 26. Analysis & Synthesis Messages



----------------
; Legal Notice ;
----------------
Copyright (C) 2020  Intel Corporation. All rights reserved.
Your use of Intel Corporation's design tools, logic functions 
and other software and tools, and any partner logic 
functions, and any output files from any of the foregoing 
(including device programming or simulation files), and any 
associated documentation or information are expressly subject 
to the terms and conditions of the Intel Program License 
Subscription Agreement, the Intel Quartus Prime License Agreement,
the Intel FPGA IP License Agreement, or other applicable license
agreement, including, without limitation, that your use is for
the sole purpose of programming logic devices manufactured by
Intel and sold by Intel or its authorized distributors.  Please
refer to the applicable agreement for further details, at
https://fpgasoftware.intel.com/eula.



+-------------------------------------------------------------------------------+
; Analysis & Synthesis Summary                                                  ;
+---------------------------------+---------------------------------------------+
; Analysis & Synthesis Status     ; Successful - Thu Jul 22 22:20:50 2021       ;
; Quartus Prime Version           ; 20.1.1 Build 720 11/11/2020 SJ Lite Edition ;
; Revision Name                   ; DCalles_Lab7_7Segments                      ;
; Top-level Entity Name           ; DCalles_Lab7_7Segments                      ;
; Family                          ; Cyclone V                                   ;
; Logic utilization (in ALMs)     ; N/A                                         ;
; Total registers                 ; 49                                          ;
; Total pins                      ; 47                                          ;
; Total virtual pins              ; 0                                           ;
; Total block memory bits         ; 0                                           ;
; Total DSP Blocks                ; 0                                           ;
; Total HSSI RX PCSs              ; 0                                           ;
; Total HSSI PMA RX Deserializers ; 0                                           ;
; Total HSSI TX PCSs              ; 0                                           ;
; Total HSSI PMA TX Serializers   ; 0                                           ;
; Total PLLs                      ; 0                                           ;
; Total DLLs                      ; 0                                           ;
+---------------------------------+---------------------------------------------+


+-----------------------------------------------------------------------------------------------------------------------------------+
; Analysis & Synthesis Settings                                                                                                     ;
+---------------------------------------------------------------------------------+------------------------+------------------------+
; Option                                                                          ; Setting                ; Default Value          ;
+---------------------------------------------------------------------------------+------------------------+------------------------+
; Device                                                                          ; 5CSEMA5F31C6           ;                        ;
; Top-level entity name                                                           ; DCalles_Lab7_7Segments ; DCalles_Lab7_7Segments ;
; Family name                                                                     ; Cyclone V              ; Cyclone V              ;
; Use smart compilation                                                           ; Off                    ; Off                    ;
; Enable parallel Assembler and Timing Analyzer during compilation                ; On                     ; On                     ;
; Enable compact report table                                                     ; Off                    ; Off                    ;
; Restructure Multiplexers                                                        ; Auto                   ; Auto                   ;
; MLAB Add Timing Constraints For Mixed-Port Feed-Through Mode Setting Don't Care ; Off                    ; Off                    ;
; Create Debugging Nodes for IP Cores                                             ; Off                    ; Off                    ;
; Preserve fewer node names                                                       ; On                     ; On                     ;
; Intel FPGA IP Evaluation Mode                                                   ; Enable                 ; Enable                 ;
; Verilog Version                                                                 ; Verilog_2001           ; Verilog_2001           ;
; VHDL Version                                                                    ; VHDL_1993              ; VHDL_1993              ;
; State Machine Processing                                                        ; Auto                   ; Auto                   ;
; Safe State Machine                                                              ; Off                    ; Off                    ;
; Extract Verilog State Machines                                                  ; On                     ; On                     ;
; Extract VHDL State Machines                                                     ; On                     ; On                     ;
; Ignore Verilog initial constructs                                               ; Off                    ; Off                    ;
; Iteration limit for constant Verilog loops                                      ; 5000                   ; 5000                   ;
; Iteration limit for non-constant Verilog loops                                  ; 250                    ; 250                    ;
; Add Pass-Through Logic to Inferred RAMs                                         ; On                     ; On                     ;
; Infer RAMs from Raw Logic                                                       ; On                     ; On                     ;
; Parallel Synthesis                                                              ; On                     ; On                     ;
; DSP Block Balancing                                                             ; Auto                   ; Auto                   ;
; NOT Gate Push-Back                                                              ; On                     ; On                     ;
; Power-Up Don't Care                                                             ; On                     ; On                     ;
; Remove Redundant Logic Cells                                                    ; Off                    ; Off                    ;
; Remove Duplicate Registers                                                      ; On                     ; On                     ;
; Ignore CARRY Buffers                                                            ; Off                    ; Off                    ;
; Ignore CASCADE Buffers                                                          ; Off                    ; Off                    ;
; Ignore GLOBAL Buffers                                                           ; Off                    ; Off                    ;
; Ignore ROW GLOBAL Buffers                                                       ; Off                    ; Off                    ;
; Ignore LCELL Buffers                                                            ; Off                    ; Off                    ;
; Ignore SOFT Buffers                                                             ; On                     ; On                     ;
; Limit AHDL Integers to 32 Bits                                                  ; Off                    ; Off                    ;
; Optimization Technique                                                          ; Balanced               ; Balanced               ;
; Carry Chain Length                                                              ; 70                     ; 70                     ;
; Auto Carry Chains                                                               ; On                     ; On                     ;
; Auto Open-Drain Pins                                                            ; On                     ; On                     ;
; Perform WYSIWYG Primitive Resynthesis                                           ; Off                    ; Off                    ;
; Auto ROM Replacement                                                            ; On                     ; On                     ;
; Auto RAM Replacement                                                            ; On                     ; On                     ;
; Auto DSP Block Replacement                                                      ; On                     ; On                     ;
; Auto Shift Register Replacement                                                 ; Auto                   ; Auto                   ;
; Allow Shift Register Merging across Hierarchies                                 ; Auto                   ; Auto                   ;
; Auto Clock Enable Replacement                                                   ; On                     ; On                     ;
; Strict RAM Replacement                                                          ; Off                    ; Off                    ;
; Allow Synchronous Control Signals                                               ; On                     ; On                     ;
; Force Use of Synchronous Clear Signals                                          ; Off                    ; Off                    ;
; Auto Resource Sharing                                                           ; Off                    ; Off                    ;
; Allow Any RAM Size For Recognition                                              ; Off                    ; Off                    ;
; Allow Any ROM Size For Recognition                                              ; Off                    ; Off                    ;
; Allow Any Shift Register Size For Recognition                                   ; Off                    ; Off                    ;
; Use LogicLock Constraints during Resource Balancing                             ; On                     ; On                     ;
; Ignore translate_off and synthesis_off directives                               ; Off                    ; Off                    ;
; Timing-Driven Synthesis                                                         ; On                     ; On                     ;
; Report Parameter Settings                                                       ; On                     ; On                     ;
; Report Source Assignments                                                       ; On                     ; On                     ;
; Report Connectivity Checks                                                      ; On                     ; On                     ;
; Ignore Maximum Fan-Out Assignments                                              ; Off                    ; Off                    ;
; Synchronization Register Chain Length                                           ; 3                      ; 3                      ;
; Power Optimization During Synthesis                                             ; Normal compilation     ; Normal compilation     ;
; HDL message level                                                               ; Level2                 ; Level2                 ;
; Suppress Register Optimization Related Messages                                 ; Off                    ; Off                    ;
; Number of Removed Registers Reported in Synthesis Report                        ; 5000                   ; 5000                   ;
; Number of Swept Nodes Reported in Synthesis Report                              ; 5000                   ; 5000                   ;
; Number of Inverted Registers Reported in Synthesis Report                       ; 100                    ; 100                    ;
; Clock MUX Protection                                                            ; On                     ; On                     ;
; Auto Gated Clock Conversion                                                     ; Off                    ; Off                    ;
; Block Design Naming                                                             ; Auto                   ; Auto                   ;
; SDC constraint protection                                                       ; Off                    ; Off                    ;
; Synthesis Effort                                                                ; Auto                   ; Auto                   ;
; Shift Register Replacement - Allow Asynchronous Clear Signal                    ; On                     ; On                     ;
; Pre-Mapping Resynthesis Optimization                                            ; Off                    ; Off                    ;
; Analysis & Synthesis Message Level                                              ; Medium                 ; Medium                 ;
; Disable Register Merging Across Hierarchies                                     ; Auto                   ; Auto                   ;
; Resource Aware Inference For Block RAM                                          ; On                     ; On                     ;
; Automatic Parallel Synthesis                                                    ; On                     ; On                     ;
; Partial Reconfiguration Bitstream ID                                            ; Off                    ; Off                    ;
+---------------------------------------------------------------------------------+------------------------+------------------------+


+------------------------------------------+
; Parallel Compilation                     ;
+----------------------------+-------------+
; Processors                 ; Number      ;
+----------------------------+-------------+
; Number detected on machine ; 8           ;
; Maximum allowed            ; 4           ;
;                            ;             ;
; Average used               ; 1.00        ;
; Maximum used               ; 4           ;
;                            ;             ;
; Usage by Processor         ; % Time Used ;
;     Processor 1            ; 100.0%      ;
;     Processor 2            ;   0.0%      ;
;     Processor 3            ;   0.0%      ;
;     Processor 4            ;   0.0%      ;
+----------------------------+-------------+


+-----------------------------------------------------------------------------------------------------------------------------------------------------------------------------------------------------------------+
; Analysis & Synthesis Source Files Read                                                                                                                                                                          ;
+----------------------------------+-----------------+------------------------------+-------------------------------------------------------------------------------------------------------------------+---------+
; File Name with User-Entered Path ; Used in Netlist ; File Type                    ; File Name with Absolute Path                                                                                      ; Library ;
+----------------------------------+-----------------+------------------------------+-------------------------------------------------------------------------------------------------------------------+---------+
; SevenSegments.v                  ; yes             ; User Verilog HDL File        ; C:/Users/yodav/Documents/Conestoga_College/FIRST_TERM/Digital_Design/LABS/Lab7/Verilog/SevenSegments.v            ;         ;
; DCalles_Lab7_7Segments.v         ; yes             ; User Verilog HDL File        ; C:/Users/yodav/Documents/Conestoga_College/FIRST_TERM/Digital_Design/LABS/Lab7/Verilog/DCalles_Lab7_7Segments.v   ;         ;
; Counter16Bits.v                  ; yes             ; User Verilog HDL File        ; C:/Users/yodav/Documents/Conestoga_College/FIRST_TERM/Digital_Design/LABS/Lab7/Verilog/Counter16Bits.v            ;         ;
; FreqDivider.v                    ; yes             ; User Verilog HDL File        ; C:/Users/yodav/Documents/Conestoga_College/FIRST_TERM/Digital_Design/LABS/Lab7/Verilog/FreqDivider.v              ;         ;
; ModuleDivision.v                 ; yes             ; User Verilog HDL File        ; C:/Users/yodav/Documents/Conestoga_College/FIRST_TERM/Digital_Design/LABS/Lab7/Verilog/ModuleDivision.v           ;         ;
; lpm_divide.tdf                   ; yes             ; Megafunction                 ; c:/intelfpga_lite/20.1/quartus/libraries/megafunctions/lpm_divide.tdf                                             ;         ;
; abs_divider.inc                  ; yes             ; Megafunction                 ; c:/intelfpga_lite/20.1/quartus/libraries/megafunctions/abs_divider.inc                                            ;         ;
; sign_div_unsign.inc              ; yes             ; Megafunction                 ; c:/intelfpga_lite/20.1/quartus/libraries/megafunctions/sign_div_unsign.inc                                        ;         ;
; aglobal201.inc                   ; yes             ; Megafunction                 ; c:/intelfpga_lite/20.1/quartus/libraries/megafunctions/aglobal201.inc                                             ;         ;
; db/lpm_divide_a5m.tdf            ; yes             ; Auto-Generated Megafunction  ; C:/Users/yodav/Documents/Conestoga_College/FIRST_TERM/Digital_Design/LABS/Lab7/Verilog/db/lpm_divide_a5m.tdf      ;         ;
; db/sign_div_unsign_dnh.tdf       ; yes             ; Auto-Generated Megafunction  ; C:/Users/yodav/Documents/Conestoga_College/FIRST_TERM/Digital_Design/LABS/Lab7/Verilog/db/sign_div_unsign_dnh.tdf ;         ;
; db/alt_u_div_03f.tdf             ; yes             ; Auto-Generated Megafunction  ; C:/Users/yodav/Documents/Conestoga_College/FIRST_TERM/Digital_Design/LABS/Lab7/Verilog/db/alt_u_div_03f.tdf       ;         ;
; db/lpm_divide_7dm.tdf            ; yes             ; Auto-Generated Megafunction  ; C:/Users/yodav/Documents/Conestoga_College/FIRST_TERM/Digital_Design/LABS/Lab7/Verilog/db/lpm_divide_7dm.tdf      ;         ;
+----------------------------------+-----------------+------------------------------+-------------------------------------------------------------------------------------------------------------------+---------+


+-------------------------------------------------------------------------------------------------------------------------------------------------------------------------------------+
; Analysis & Synthesis Resource Usage Summary                                                                                                                                         ;
+---------------------------------------------+---------------------------------------------------------------------------------------------------------------------------------------+
; Resource                                    ; Usage                                                                                                                                 ;
+---------------------------------------------+---------------------------------------------------------------------------------------------------------------------------------------+
; Estimate of Logic utilization (ALMs needed) ; 954                                                                                                                                   ;
;                                             ;                                                                                                                                       ;
; Combinational ALUT usage for logic          ; 1901                                                                                                                                  ;
;     -- 7 input functions                    ; 0                                                                                                                                     ;
;     -- 6 input functions                    ; 7                                                                                                                                     ;
;     -- 5 input functions                    ; 18                                                                                                                                    ;
;     -- 4 input functions                    ; 467                                                                                                                                   ;
;     -- <=3 input functions                  ; 1409                                                                                                                                  ;
;                                             ;                                                                                                                                       ;
; Dedicated logic registers                   ; 49                                                                                                                                    ;
;                                             ;                                                                                                                                       ;
; I/O pins                                    ; 47                                                                                                                                    ;
;                                             ;                                                                                                                                       ;
; Total DSP Blocks                            ; 0                                                                                                                                     ;
;                                             ;                                                                                                                                       ;
; Maximum fan-out node                        ; ModuleDivision:ModuleDivision1|lpm_divide:Div0|lpm_divide_7dm:auto_generated|sign_div_unsign_dnh:divider|alt_u_div_03f:divider|op_6~1 ;
; Maximum fan-out                             ; 38                                                                                                                                    ;
; Total fan-out                               ; 5988                                                                                                                                  ;
; Average fan-out                             ; 2.93                                                                                                                                  ;
+---------------------------------------------+---------------------------------------------------------------------------------------------------------------------------------------+


+-----------------------------------------------------------------------------------------------------------------------------------------------------------------------------------------------------------------------------------------------------------------------------------------------------------------------------------------------------+
; Analysis & Synthesis Resource Utilization by Entity                                                                                                                                                                                                                                                                                                 ;
+-------------------------------------------+---------------------+---------------------------+-------------------+------------+------+--------------+--------------------------------------------------------------------------------------------------------------------------------------------------------+------------------------+--------------+
; Compilation Hierarchy Node                ; Combinational ALUTs ; Dedicated Logic Registers ; Block Memory Bits ; DSP Blocks ; Pins ; Virtual Pins ; Full Hierarchy Name                                                                                                                                    ; Entity Name            ; Library Name ;
+-------------------------------------------+---------------------+---------------------------+-------------------+------------+------+--------------+--------------------------------------------------------------------------------------------------------------------------------------------------------+------------------------+--------------+
; |DCalles_Lab7_7Segments                   ; 1901 (0)            ; 49 (0)                    ; 0                 ; 0          ; 47   ; 0            ; |DCalles_Lab7_7Segments                                                                                                                                ; DCalles_Lab7_7Segments ; work         ;
;    |Counter16Bits:Counter16Bits0|         ; 16 (16)             ; 16 (16)                   ; 0                 ; 0          ; 0    ; 0            ; |DCalles_Lab7_7Segments|Counter16Bits:Counter16Bits0                                                                                                   ; Counter16Bits          ; work         ;
;    |FreqDivider:FreqDivider0|             ; 41 (41)             ; 33 (33)                   ; 0                 ; 0          ; 0    ; 0            ; |DCalles_Lab7_7Segments|FreqDivider:FreqDivider0                                                                                                       ; FreqDivider            ; work         ;
;    |ModuleDivision:ModuleDivision0|       ; 307 (0)             ; 0 (0)                     ; 0                 ; 0          ; 0    ; 0            ; |DCalles_Lab7_7Segments|ModuleDivision:ModuleDivision0                                                                                                 ; ModuleDivision         ; work         ;
;       |lpm_divide:Mod0|                   ; 307 (0)             ; 0 (0)                     ; 0                 ; 0          ; 0    ; 0            ; |DCalles_Lab7_7Segments|ModuleDivision:ModuleDivision0|lpm_divide:Mod0                                                                                 ; lpm_divide             ; work         ;
;          |lpm_divide_a5m:auto_generated|  ; 307 (0)             ; 0 (0)                     ; 0                 ; 0          ; 0    ; 0            ; |DCalles_Lab7_7Segments|ModuleDivision:ModuleDivision0|lpm_divide:Mod0|lpm_divide_a5m:auto_generated                                                   ; lpm_divide_a5m         ; work         ;
;             |sign_div_unsign_dnh:divider| ; 307 (0)             ; 0 (0)                     ; 0                 ; 0          ; 0    ; 0            ; |DCalles_Lab7_7Segments|ModuleDivision:ModuleDivision0|lpm_divide:Mod0|lpm_divide_a5m:auto_generated|sign_div_unsign_dnh:divider                       ; sign_div_unsign_dnh    ; work         ;
;                |alt_u_div_03f:divider|    ; 307 (307)           ; 0 (0)                     ; 0                 ; 0          ; 0    ; 0            ; |DCalles_Lab7_7Segments|ModuleDivision:ModuleDivision0|lpm_divide:Mod0|lpm_divide_a5m:auto_generated|sign_div_unsign_dnh:divider|alt_u_div_03f:divider ; alt_u_div_03f          ; work         ;
;    |ModuleDivision:ModuleDivision1|       ; 591 (0)             ; 0 (0)                     ; 0                 ; 0          ; 0    ; 0            ; |DCalles_Lab7_7Segments|ModuleDivision:ModuleDivision1                                                                                                 ; ModuleDivision         ; work         ;
;       |lpm_divide:Div0|                   ; 303 (0)             ; 0 (0)                     ; 0                 ; 0          ; 0    ; 0            ; |DCalles_Lab7_7Segments|ModuleDivision:ModuleDivision1|lpm_divide:Div0                                                                                 ; lpm_divide             ; work         ;
;          |lpm_divide_7dm:auto_generated|  ; 303 (0)             ; 0 (0)                     ; 0                 ; 0          ; 0    ; 0            ; |DCalles_Lab7_7Segments|ModuleDivision:ModuleDivision1|lpm_divide:Div0|lpm_divide_7dm:auto_generated                                                   ; lpm_divide_7dm         ; work         ;
;             |sign_div_unsign_dnh:divider| ; 303 (0)             ; 0 (0)                     ; 0                 ; 0          ; 0    ; 0            ; |DCalles_Lab7_7Segments|ModuleDivision:ModuleDivision1|lpm_divide:Div0|lpm_divide_7dm:auto_generated|sign_div_unsign_dnh:divider                       ; sign_div_unsign_dnh    ; work         ;
;                |alt_u_div_03f:divider|    ; 303 (303)           ; 0 (0)                     ; 0                 ; 0          ; 0    ; 0            ; |DCalles_Lab7_7Segments|ModuleDivision:ModuleDivision1|lpm_divide:Div0|lpm_divide_7dm:auto_generated|sign_div_unsign_dnh:divider|alt_u_div_03f:divider ; alt_u_div_03f          ; work         ;
;       |lpm_divide:Mod0|                   ; 288 (0)             ; 0 (0)                     ; 0                 ; 0          ; 0    ; 0            ; |DCalles_Lab7_7Segments|ModuleDivision:ModuleDivision1|lpm_divide:Mod0                                                                                 ; lpm_divide             ; work         ;
;          |lpm_divide_a5m:auto_generated|  ; 288 (0)             ; 0 (0)                     ; 0                 ; 0          ; 0    ; 0            ; |DCalles_Lab7_7Segments|ModuleDivision:ModuleDivision1|lpm_divide:Mod0|lpm_divide_a5m:auto_generated                                                   ; lpm_divide_a5m         ; work         ;
;             |sign_div_unsign_dnh:divider| ; 288 (0)             ; 0 (0)                     ; 0                 ; 0          ; 0    ; 0            ; |DCalles_Lab7_7Segments|ModuleDivision:ModuleDivision1|lpm_divide:Mod0|lpm_divide_a5m:auto_generated|sign_div_unsign_dnh:divider                       ; sign_div_unsign_dnh    ; work         ;
;                |alt_u_div_03f:divider|    ; 288 (288)           ; 0 (0)                     ; 0                 ; 0          ; 0    ; 0            ; |DCalles_Lab7_7Segments|ModuleDivision:ModuleDivision1|lpm_divide:Mod0|lpm_divide_a5m:auto_generated|sign_div_unsign_dnh:divider|alt_u_div_03f:divider ; alt_u_div_03f          ; work         ;
;    |ModuleDivision:ModuleDivision2|       ; 486 (0)             ; 0 (0)                     ; 0                 ; 0          ; 0    ; 0            ; |DCalles_Lab7_7Segments|ModuleDivision:ModuleDivision2                                                                                                 ; ModuleDivision         ; work         ;
;       |lpm_divide:Div0|                   ; 264 (0)             ; 0 (0)                     ; 0                 ; 0          ; 0    ; 0            ; |DCalles_Lab7_7Segments|ModuleDivision:ModuleDivision2|lpm_divide:Div0                                                                                 ; lpm_divide             ; work         ;
;          |lpm_divide_7dm:auto_generated|  ; 264 (0)             ; 0 (0)                     ; 0                 ; 0          ; 0    ; 0            ; |DCalles_Lab7_7Segments|ModuleDivision:ModuleDivision2|lpm_divide:Div0|lpm_divide_7dm:auto_generated                                                   ; lpm_divide_7dm         ; work         ;
;             |sign_div_unsign_dnh:divider| ; 264 (0)             ; 0 (0)                     ; 0                 ; 0          ; 0    ; 0            ; |DCalles_Lab7_7Segments|ModuleDivision:ModuleDivision2|lpm_divide:Div0|lpm_divide_7dm:auto_generated|sign_div_unsign_dnh:divider                       ; sign_div_unsign_dnh    ; work         ;
;                |alt_u_div_03f:divider|    ; 264 (264)           ; 0 (0)                     ; 0                 ; 0          ; 0    ; 0            ; |DCalles_Lab7_7Segments|ModuleDivision:ModuleDivision2|lpm_divide:Div0|lpm_divide_7dm:auto_generated|sign_div_unsign_dnh:divider|alt_u_div_03f:divider ; alt_u_div_03f          ; work         ;
;       |lpm_divide:Mod0|                   ; 222 (0)             ; 0 (0)                     ; 0                 ; 0          ; 0    ; 0            ; |DCalles_Lab7_7Segments|ModuleDivision:ModuleDivision2|lpm_divide:Mod0                                                                                 ; lpm_divide             ; work         ;
;          |lpm_divide_a5m:auto_generated|  ; 222 (0)             ; 0 (0)                     ; 0                 ; 0          ; 0    ; 0            ; |DCalles_Lab7_7Segments|ModuleDivision:ModuleDivision2|lpm_divide:Mod0|lpm_divide_a5m:auto_generated                                                   ; lpm_divide_a5m         ; work         ;
;             |sign_div_unsign_dnh:divider| ; 222 (0)             ; 0 (0)                     ; 0                 ; 0          ; 0    ; 0            ; |DCalles_Lab7_7Segments|ModuleDivision:ModuleDivision2|lpm_divide:Mod0|lpm_divide_a5m:auto_generated|sign_div_unsign_dnh:divider                       ; sign_div_unsign_dnh    ; work         ;
;                |alt_u_div_03f:divider|    ; 222 (222)           ; 0 (0)                     ; 0                 ; 0          ; 0    ; 0            ; |DCalles_Lab7_7Segments|ModuleDivision:ModuleDivision2|lpm_divide:Mod0|lpm_divide_a5m:auto_generated|sign_div_unsign_dnh:divider|alt_u_div_03f:divider ; alt_u_div_03f          ; work         ;
;    |ModuleDivision:ModuleDivision3|       ; 322 (0)             ; 0 (0)                     ; 0                 ; 0          ; 0    ; 0            ; |DCalles_Lab7_7Segments|ModuleDivision:ModuleDivision3                                                                                                 ; ModuleDivision         ; work         ;
;       |lpm_divide:Div0|                   ; 201 (0)             ; 0 (0)                     ; 0                 ; 0          ; 0    ; 0            ; |DCalles_Lab7_7Segments|ModuleDivision:ModuleDivision3|lpm_divide:Div0                                                                                 ; lpm_divide             ; work         ;
;          |lpm_divide_7dm:auto_generated|  ; 201 (0)             ; 0 (0)                     ; 0                 ; 0          ; 0    ; 0            ; |DCalles_Lab7_7Segments|ModuleDivision:ModuleDivision3|lpm_divide:Div0|lpm_divide_7dm:auto_generated                                                   ; lpm_divide_7dm         ; work         ;
;             |sign_div_unsign_dnh:divider| ; 201 (0)             ; 0 (0)                     ; 0                 ; 0          ; 0    ; 0            ; |DCalles_Lab7_7Segments|ModuleDivision:ModuleDivision3|lpm_divide:Div0|lpm_divide_7dm:auto_generated|sign_div_unsign_dnh:divider                       ; sign_div_unsign_dnh    ; work         ;
;                |alt_u_div_03f:divider|    ; 201 (201)           ; 0 (0)                     ; 0                 ; 0          ; 0    ; 0            ; |DCalles_Lab7_7Segments|ModuleDivision:ModuleDivision3|lpm_divide:Div0|lpm_divide_7dm:auto_generated|sign_div_unsign_dnh:divider|alt_u_div_03f:divider ; alt_u_div_03f          ; work         ;
;       |lpm_divide:Mod0|                   ; 121 (0)             ; 0 (0)                     ; 0                 ; 0          ; 0    ; 0            ; |DCalles_Lab7_7Segments|ModuleDivision:ModuleDivision3|lpm_divide:Mod0                                                                                 ; lpm_divide             ; work         ;
;          |lpm_divide_a5m:auto_generated|  ; 121 (0)             ; 0 (0)                     ; 0                 ; 0          ; 0    ; 0            ; |DCalles_Lab7_7Segments|ModuleDivision:ModuleDivision3|lpm_divide:Mod0|lpm_divide_a5m:auto_generated                                                   ; lpm_divide_a5m         ; work         ;
;             |sign_div_unsign_dnh:divider| ; 121 (0)             ; 0 (0)                     ; 0                 ; 0          ; 0    ; 0            ; |DCalles_Lab7_7Segments|ModuleDivision:ModuleDivision3|lpm_divide:Mod0|lpm_divide_a5m:auto_generated|sign_div_unsign_dnh:divider                       ; sign_div_unsign_dnh    ; work         ;
;                |alt_u_div_03f:divider|    ; 121 (121)           ; 0 (0)                     ; 0                 ; 0          ; 0    ; 0            ; |DCalles_Lab7_7Segments|ModuleDivision:ModuleDivision3|lpm_divide:Mod0|lpm_divide_a5m:auto_generated|sign_div_unsign_dnh:divider|alt_u_div_03f:divider ; alt_u_div_03f          ; work         ;
;    |ModuleDivision:ModuleDivision4|       ; 103 (0)             ; 0 (0)                     ; 0                 ; 0          ; 0    ; 0            ; |DCalles_Lab7_7Segments|ModuleDivision:ModuleDivision4                                                                                                 ; ModuleDivision         ; work         ;
;       |lpm_divide:Div0|                   ; 83 (0)              ; 0 (0)                     ; 0                 ; 0          ; 0    ; 0            ; |DCalles_Lab7_7Segments|ModuleDivision:ModuleDivision4|lpm_divide:Div0                                                                                 ; lpm_divide             ; work         ;
;          |lpm_divide_7dm:auto_generated|  ; 83 (0)              ; 0 (0)                     ; 0                 ; 0          ; 0    ; 0            ; |DCalles_Lab7_7Segments|ModuleDivision:ModuleDivision4|lpm_divide:Div0|lpm_divide_7dm:auto_generated                                                   ; lpm_divide_7dm         ; work         ;
;             |sign_div_unsign_dnh:divider| ; 83 (0)              ; 0 (0)                     ; 0                 ; 0          ; 0    ; 0            ; |DCalles_Lab7_7Segments|ModuleDivision:ModuleDivision4|lpm_divide:Div0|lpm_divide_7dm:auto_generated|sign_div_unsign_dnh:divider                       ; sign_div_unsign_dnh    ; work         ;
;                |alt_u_div_03f:divider|    ; 83 (83)             ; 0 (0)                     ; 0                 ; 0          ; 0    ; 0            ; |DCalles_Lab7_7Segments|ModuleDivision:ModuleDivision4|lpm_divide:Div0|lpm_divide_7dm:auto_generated|sign_div_unsign_dnh:divider|alt_u_div_03f:divider ; alt_u_div_03f          ; work         ;
;       |lpm_divide:Mod0|                   ; 20 (0)              ; 0 (0)                     ; 0                 ; 0          ; 0    ; 0            ; |DCalles_Lab7_7Segments|ModuleDivision:ModuleDivision4|lpm_divide:Mod0                                                                                 ; lpm_divide             ; work         ;
;          |lpm_divide_a5m:auto_generated|  ; 20 (0)              ; 0 (0)                     ; 0                 ; 0          ; 0    ; 0            ; |DCalles_Lab7_7Segments|ModuleDivision:ModuleDivision4|lpm_divide:Mod0|lpm_divide_a5m:auto_generated                                                   ; lpm_divide_a5m         ; work         ;
;             |sign_div_unsign_dnh:divider| ; 20 (0)              ; 0 (0)                     ; 0                 ; 0          ; 0    ; 0            ; |DCalles_Lab7_7Segments|ModuleDivision:ModuleDivision4|lpm_divide:Mod0|lpm_divide_a5m:auto_generated|sign_div_unsign_dnh:divider                       ; sign_div_unsign_dnh    ; work         ;
;                |alt_u_div_03f:divider|    ; 20 (20)             ; 0 (0)                     ; 0                 ; 0          ; 0    ; 0            ; |DCalles_Lab7_7Segments|ModuleDivision:ModuleDivision4|lpm_divide:Mod0|lpm_divide_a5m:auto_generated|sign_div_unsign_dnh:divider|alt_u_div_03f:divider ; alt_u_div_03f          ; work         ;
;    |SevenSegments:SevenSegments0|         ; 7 (7)               ; 0 (0)                     ; 0                 ; 0          ; 0    ; 0            ; |DCalles_Lab7_7Segments|SevenSegments:SevenSegments0                                                                                                   ; SevenSegments          ; work         ;
;    |SevenSegments:SevenSegments1|         ; 7 (7)               ; 0 (0)                     ; 0                 ; 0          ; 0    ; 0            ; |DCalles_Lab7_7Segments|SevenSegments:SevenSegments1                                                                                                   ; SevenSegments          ; work         ;
;    |SevenSegments:SevenSegments2|         ; 7 (7)               ; 0 (0)                     ; 0                 ; 0          ; 0    ; 0            ; |DCalles_Lab7_7Segments|SevenSegments:SevenSegments2                                                                                                   ; SevenSegments          ; work         ;
;    |SevenSegments:SevenSegments3|         ; 7 (7)               ; 0 (0)                     ; 0                 ; 0          ; 0    ; 0            ; |DCalles_Lab7_7Segments|SevenSegments:SevenSegments3                                                                                                   ; SevenSegments          ; work         ;
;    |SevenSegments:SevenSegments4|         ; 7 (7)               ; 0 (0)                     ; 0                 ; 0          ; 0    ; 0            ; |DCalles_Lab7_7Segments|SevenSegments:SevenSegments4                                                                                                   ; SevenSegments          ; work         ;
+-------------------------------------------+---------------------+---------------------------+-------------------+------------+------+--------------+--------------------------------------------------------------------------------------------------------------------------------------------------------+------------------------+--------------+
Note: For table entries with two numbers listed, the numbers in parentheses indicate the number of resources of the given type used by the specific entity alone. The numbers listed outside of parentheses indicate the total resources of the given type used by the specific entity and all of its sub-entities in the hierarchy.


+------------------------------------------------------+
; General Register Statistics                          ;
+----------------------------------------------+-------+
; Statistic                                    ; Value ;
+----------------------------------------------+-------+
; Total registers                              ; 49    ;
; Number of registers using Synchronous Clear  ; 48    ;
; Number of registers using Synchronous Load   ; 0     ;
; Number of registers using Asynchronous Clear ; 0     ;
; Number of registers using Asynchronous Load  ; 0     ;
; Number of registers using Clock Enable       ; 0     ;
; Number of registers using Preset             ; 0     ;
+----------------------------------------------+-------+


+--------------------------------------------------------------------------------------------------------------------------------------------------------------------------------+
; Multiplexer Restructuring Statistics (Restructuring Performed)                                                                                                                 ;
+--------------------+-----------+---------------+----------------------+------------------------+------------+------------------------------------------------------------------+
; Multiplexer Inputs ; Bus Width ; Baseline Area ; Area if Restructured ; Saving if Restructured ; Registered ; Example Multiplexer Output                                       ;
+--------------------+-----------+---------------+----------------------+------------------------+------------+------------------------------------------------------------------+
; 3:1                ; 32 bits   ; 64 LEs        ; 0 LEs                ; 64 LEs                 ; Yes        ; |DCalles_Lab7_7Segments|FreqDivider:FreqDivider0|countSignal[31] ;
+--------------------+-----------+---------------+----------------------+------------------------+------------+------------------------------------------------------------------+


+-------------------------------------------------------------------------------------------------+
; Parameter Settings for Inferred Entity Instance: ModuleDivision:ModuleDivision0|lpm_divide:Mod0 ;
+------------------------+----------------+-------------------------------------------------------+
; Parameter Name         ; Value          ; Type                                                  ;
+------------------------+----------------+-------------------------------------------------------+
; LPM_WIDTHN             ; 16             ; Untyped                                               ;
; LPM_WIDTHD             ; 16             ; Untyped                                               ;
; LPM_NREPRESENTATION    ; UNSIGNED       ; Untyped                                               ;
; LPM_DREPRESENTATION    ; UNSIGNED       ; Untyped                                               ;
; LPM_PIPELINE           ; 0              ; Untyped                                               ;
; LPM_REMAINDERPOSITIVE  ; TRUE           ; Untyped                                               ;
; MAXIMIZE_SPEED         ; 5              ; Untyped                                               ;
; CBXI_PARAMETER         ; lpm_divide_a5m ; Untyped                                               ;
; CARRY_CHAIN            ; MANUAL         ; Untyped                                               ;
; OPTIMIZE_FOR_SPEED     ; 5              ; Untyped                                               ;
; AUTO_CARRY_CHAINS      ; ON             ; AUTO_CARRY                                            ;
; IGNORE_CARRY_BUFFERS   ; OFF            ; IGNORE_CARRY                                          ;
; AUTO_CASCADE_CHAINS    ; ON             ; AUTO_CASCADE                                          ;
; IGNORE_CASCADE_BUFFERS ; OFF            ; IGNORE_CASCADE                                        ;
+------------------------+----------------+-------------------------------------------------------+
Note: In order to hide this table in the UI and the text report file, please set the "Show Parameter Settings in Synthesis Report" option in "Analysis and Synthesis Settings -> More Settings" to "Off".


+-------------------------------------------------------------------------------------------------+
; Parameter Settings for Inferred Entity Instance: ModuleDivision:ModuleDivision1|lpm_divide:Div0 ;
+------------------------+----------------+-------------------------------------------------------+
; Parameter Name         ; Value          ; Type                                                  ;
+------------------------+----------------+-------------------------------------------------------+
; LPM_WIDTHN             ; 16             ; Untyped                                               ;
; LPM_WIDTHD             ; 16             ; Untyped                                               ;
; LPM_NREPRESENTATION    ; UNSIGNED       ; Untyped                                               ;
; LPM_DREPRESENTATION    ; UNSIGNED       ; Untyped                                               ;
; LPM_PIPELINE           ; 0              ; Untyped                                               ;
; LPM_REMAINDERPOSITIVE  ; TRUE           ; Untyped                                               ;
; MAXIMIZE_SPEED         ; 5              ; Untyped                                               ;
; CBXI_PARAMETER         ; lpm_divide_7dm ; Untyped                                               ;
; CARRY_CHAIN            ; MANUAL         ; Untyped                                               ;
; OPTIMIZE_FOR_SPEED     ; 5              ; Untyped                                               ;
; AUTO_CARRY_CHAINS      ; ON             ; AUTO_CARRY                                            ;
; IGNORE_CARRY_BUFFERS   ; OFF            ; IGNORE_CARRY                                          ;
; AUTO_CASCADE_CHAINS    ; ON             ; AUTO_CASCADE                                          ;
; IGNORE_CASCADE_BUFFERS ; OFF            ; IGNORE_CASCADE                                        ;
+------------------------+----------------+-------------------------------------------------------+
Note: In order to hide this table in the UI and the text report file, please set the "Show Parameter Settings in Synthesis Report" option in "Analysis and Synthesis Settings -> More Settings" to "Off".


+-------------------------------------------------------------------------------------------------+
; Parameter Settings for Inferred Entity Instance: ModuleDivision:ModuleDivision1|lpm_divide:Mod0 ;
+------------------------+----------------+-------------------------------------------------------+
; Parameter Name         ; Value          ; Type                                                  ;
+------------------------+----------------+-------------------------------------------------------+
; LPM_WIDTHN             ; 16             ; Untyped                                               ;
; LPM_WIDTHD             ; 16             ; Untyped                                               ;
; LPM_NREPRESENTATION    ; UNSIGNED       ; Untyped                                               ;
; LPM_DREPRESENTATION    ; UNSIGNED       ; Untyped                                               ;
; LPM_PIPELINE           ; 0              ; Untyped                                               ;
; LPM_REMAINDERPOSITIVE  ; TRUE           ; Untyped                                               ;
; MAXIMIZE_SPEED         ; 5              ; Untyped                                               ;
; CBXI_PARAMETER         ; lpm_divide_a5m ; Untyped                                               ;
; CARRY_CHAIN            ; MANUAL         ; Untyped                                               ;
; OPTIMIZE_FOR_SPEED     ; 5              ; Untyped                                               ;
; AUTO_CARRY_CHAINS      ; ON             ; AUTO_CARRY                                            ;
; IGNORE_CARRY_BUFFERS   ; OFF            ; IGNORE_CARRY                                          ;
; AUTO_CASCADE_CHAINS    ; ON             ; AUTO_CASCADE                                          ;
; IGNORE_CASCADE_BUFFERS ; OFF            ; IGNORE_CASCADE                                        ;
+------------------------+----------------+-------------------------------------------------------+
Note: In order to hide this table in the UI and the text report file, please set the "Show Parameter Settings in Synthesis Report" option in "Analysis and Synthesis Settings -> More Settings" to "Off".


+-------------------------------------------------------------------------------------------------+
; Parameter Settings for Inferred Entity Instance: ModuleDivision:ModuleDivision2|lpm_divide:Div0 ;
+------------------------+----------------+-------------------------------------------------------+
; Parameter Name         ; Value          ; Type                                                  ;
+------------------------+----------------+-------------------------------------------------------+
; LPM_WIDTHN             ; 16             ; Untyped                                               ;
; LPM_WIDTHD             ; 16             ; Untyped                                               ;
; LPM_NREPRESENTATION    ; UNSIGNED       ; Untyped                                               ;
; LPM_DREPRESENTATION    ; UNSIGNED       ; Untyped                                               ;
; LPM_PIPELINE           ; 0              ; Untyped                                               ;
; LPM_REMAINDERPOSITIVE  ; TRUE           ; Untyped                                               ;
; MAXIMIZE_SPEED         ; 5              ; Untyped                                               ;
; CBXI_PARAMETER         ; lpm_divide_7dm ; Untyped                                               ;
; CARRY_CHAIN            ; MANUAL         ; Untyped                                               ;
; OPTIMIZE_FOR_SPEED     ; 5              ; Untyped                                               ;
; AUTO_CARRY_CHAINS      ; ON             ; AUTO_CARRY                                            ;
; IGNORE_CARRY_BUFFERS   ; OFF            ; IGNORE_CARRY                                          ;
; AUTO_CASCADE_CHAINS    ; ON             ; AUTO_CASCADE                                          ;
; IGNORE_CASCADE_BUFFERS ; OFF            ; IGNORE_CASCADE                                        ;
+------------------------+----------------+-------------------------------------------------------+
Note: In order to hide this table in the UI and the text report file, please set the "Show Parameter Settings in Synthesis Report" option in "Analysis and Synthesis Settings -> More Settings" to "Off".


+-------------------------------------------------------------------------------------------------+
; Parameter Settings for Inferred Entity Instance: ModuleDivision:ModuleDivision2|lpm_divide:Mod0 ;
+------------------------+----------------+-------------------------------------------------------+
; Parameter Name         ; Value          ; Type                                                  ;
+------------------------+----------------+-------------------------------------------------------+
; LPM_WIDTHN             ; 16             ; Untyped                                               ;
; LPM_WIDTHD             ; 16             ; Untyped                                               ;
; LPM_NREPRESENTATION    ; UNSIGNED       ; Untyped                                               ;
; LPM_DREPRESENTATION    ; UNSIGNED       ; Untyped                                               ;
; LPM_PIPELINE           ; 0              ; Untyped                                               ;
; LPM_REMAINDERPOSITIVE  ; TRUE           ; Untyped                                               ;
; MAXIMIZE_SPEED         ; 5              ; Untyped                                               ;
; CBXI_PARAMETER         ; lpm_divide_a5m ; Untyped                                               ;
; CARRY_CHAIN            ; MANUAL         ; Untyped                                               ;
; OPTIMIZE_FOR_SPEED     ; 5              ; Untyped                                               ;
; AUTO_CARRY_CHAINS      ; ON             ; AUTO_CARRY                                            ;
; IGNORE_CARRY_BUFFERS   ; OFF            ; IGNORE_CARRY                                          ;
; AUTO_CASCADE_CHAINS    ; ON             ; AUTO_CASCADE                                          ;
; IGNORE_CASCADE_BUFFERS ; OFF            ; IGNORE_CASCADE                                        ;
+------------------------+----------------+-------------------------------------------------------+
Note: In order to hide this table in the UI and the text report file, please set the "Show Parameter Settings in Synthesis Report" option in "Analysis and Synthesis Settings -> More Settings" to "Off".


+-------------------------------------------------------------------------------------------------+
; Parameter Settings for Inferred Entity Instance: ModuleDivision:ModuleDivision3|lpm_divide:Div0 ;
+------------------------+----------------+-------------------------------------------------------+
; Parameter Name         ; Value          ; Type                                                  ;
+------------------------+----------------+-------------------------------------------------------+
; LPM_WIDTHN             ; 16             ; Untyped                                               ;
; LPM_WIDTHD             ; 16             ; Untyped                                               ;
; LPM_NREPRESENTATION    ; UNSIGNED       ; Untyped                                               ;
; LPM_DREPRESENTATION    ; UNSIGNED       ; Untyped                                               ;
; LPM_PIPELINE           ; 0              ; Untyped                                               ;
; LPM_REMAINDERPOSITIVE  ; TRUE           ; Untyped                                               ;
; MAXIMIZE_SPEED         ; 5              ; Untyped                                               ;
; CBXI_PARAMETER         ; lpm_divide_7dm ; Untyped                                               ;
; CARRY_CHAIN            ; MANUAL         ; Untyped                                               ;
; OPTIMIZE_FOR_SPEED     ; 5              ; Untyped                                               ;
; AUTO_CARRY_CHAINS      ; ON             ; AUTO_CARRY                                            ;
; IGNORE_CARRY_BUFFERS   ; OFF            ; IGNORE_CARRY                                          ;
; AUTO_CASCADE_CHAINS    ; ON             ; AUTO_CASCADE                                          ;
; IGNORE_CASCADE_BUFFERS ; OFF            ; IGNORE_CASCADE                                        ;
+------------------------+----------------+-------------------------------------------------------+
Note: In order to hide this table in the UI and the text report file, please set the "Show Parameter Settings in Synthesis Report" option in "Analysis and Synthesis Settings -> More Settings" to "Off".


+-------------------------------------------------------------------------------------------------+
; Parameter Settings for Inferred Entity Instance: ModuleDivision:ModuleDivision3|lpm_divide:Mod0 ;
+------------------------+----------------+-------------------------------------------------------+
; Parameter Name         ; Value          ; Type                                                  ;
+------------------------+----------------+-------------------------------------------------------+
; LPM_WIDTHN             ; 16             ; Untyped                                               ;
; LPM_WIDTHD             ; 16             ; Untyped                                               ;
; LPM_NREPRESENTATION    ; UNSIGNED       ; Untyped                                               ;
; LPM_DREPRESENTATION    ; UNSIGNED       ; Untyped                                               ;
; LPM_PIPELINE           ; 0              ; Untyped                                               ;
; LPM_REMAINDERPOSITIVE  ; TRUE           ; Untyped                                               ;
; MAXIMIZE_SPEED         ; 5              ; Untyped                                               ;
; CBXI_PARAMETER         ; lpm_divide_a5m ; Untyped                                               ;
; CARRY_CHAIN            ; MANUAL         ; Untyped                                               ;
; OPTIMIZE_FOR_SPEED     ; 5              ; Untyped                                               ;
; AUTO_CARRY_CHAINS      ; ON             ; AUTO_CARRY                                            ;
; IGNORE_CARRY_BUFFERS   ; OFF            ; IGNORE_CARRY                                          ;
; AUTO_CASCADE_CHAINS    ; ON             ; AUTO_CASCADE                                          ;
; IGNORE_CASCADE_BUFFERS ; OFF            ; IGNORE_CASCADE                                        ;
+------------------------+----------------+-------------------------------------------------------+
Note: In order to hide this table in the UI and the text report file, please set the "Show Parameter Settings in Synthesis Report" option in "Analysis and Synthesis Settings -> More Settings" to "Off".


+-------------------------------------------------------------------------------------------------+
; Parameter Settings for Inferred Entity Instance: ModuleDivision:ModuleDivision4|lpm_divide:Div0 ;
+------------------------+----------------+-------------------------------------------------------+
; Parameter Name         ; Value          ; Type                                                  ;
+------------------------+----------------+-------------------------------------------------------+
; LPM_WIDTHN             ; 16             ; Untyped                                               ;
; LPM_WIDTHD             ; 16             ; Untyped                                               ;
; LPM_NREPRESENTATION    ; UNSIGNED       ; Untyped                                               ;
; LPM_DREPRESENTATION    ; UNSIGNED       ; Untyped                                               ;
; LPM_PIPELINE           ; 0              ; Untyped                                               ;
; LPM_REMAINDERPOSITIVE  ; TRUE           ; Untyped                                               ;
; MAXIMIZE_SPEED         ; 5              ; Untyped                                               ;
; CBXI_PARAMETER         ; lpm_divide_7dm ; Untyped                                               ;
; CARRY_CHAIN            ; MANUAL         ; Untyped                                               ;
; OPTIMIZE_FOR_SPEED     ; 5              ; Untyped                                               ;
; AUTO_CARRY_CHAINS      ; ON             ; AUTO_CARRY                                            ;
; IGNORE_CARRY_BUFFERS   ; OFF            ; IGNORE_CARRY                                          ;
; AUTO_CASCADE_CHAINS    ; ON             ; AUTO_CASCADE                                          ;
; IGNORE_CASCADE_BUFFERS ; OFF            ; IGNORE_CASCADE                                        ;
+------------------------+----------------+-------------------------------------------------------+
Note: In order to hide this table in the UI and the text report file, please set the "Show Parameter Settings in Synthesis Report" option in "Analysis and Synthesis Settings -> More Settings" to "Off".


+-------------------------------------------------------------------------------------------------+
; Parameter Settings for Inferred Entity Instance: ModuleDivision:ModuleDivision4|lpm_divide:Mod0 ;
+------------------------+----------------+-------------------------------------------------------+
; Parameter Name         ; Value          ; Type                                                  ;
+------------------------+----------------+-------------------------------------------------------+
; LPM_WIDTHN             ; 16             ; Untyped                                               ;
; LPM_WIDTHD             ; 16             ; Untyped                                               ;
; LPM_NREPRESENTATION    ; UNSIGNED       ; Untyped                                               ;
; LPM_DREPRESENTATION    ; UNSIGNED       ; Untyped                                               ;
; LPM_PIPELINE           ; 0              ; Untyped                                               ;
; LPM_REMAINDERPOSITIVE  ; TRUE           ; Untyped                                               ;
; MAXIMIZE_SPEED         ; 5              ; Untyped                                               ;
; CBXI_PARAMETER         ; lpm_divide_a5m ; Untyped                                               ;
; CARRY_CHAIN            ; MANUAL         ; Untyped                                               ;
; OPTIMIZE_FOR_SPEED     ; 5              ; Untyped                                               ;
; AUTO_CARRY_CHAINS      ; ON             ; AUTO_CARRY                                            ;
; IGNORE_CARRY_BUFFERS   ; OFF            ; IGNORE_CARRY                                          ;
; AUTO_CASCADE_CHAINS    ; ON             ; AUTO_CASCADE                                          ;
; IGNORE_CASCADE_BUFFERS ; OFF            ; IGNORE_CASCADE                                        ;
+------------------------+----------------+-------------------------------------------------------+
Note: In order to hide this table in the UI and the text report file, please set the "Show Parameter Settings in Synthesis Report" option in "Analysis and Synthesis Settings -> More Settings" to "Off".


+------------------------------------------------------------+
; Port Connectivity Checks: "ModuleDivision:ModuleDivision4" ;
+-----------------+-------+----------+-----------------------+
; Port            ; Type  ; Severity ; Details               ;
+-----------------+-------+----------+-----------------------+
; divider[10..8]  ; Input ; Info     ; Stuck at VCC          ;
; divider[15..14] ; Input ; Info     ; Stuck at GND          ;
; divider[12..11] ; Input ; Info     ; Stuck at GND          ;
; divider[7..5]   ; Input ; Info     ; Stuck at GND          ;
; divider[3..0]   ; Input ; Info     ; Stuck at GND          ;
; divider[13]     ; Input ; Info     ; Stuck at VCC          ;
; divider[4]      ; Input ; Info     ; Stuck at VCC          ;
; mod[15..4]      ; Input ; Info     ; Stuck at GND          ;
; mod[3]          ; Input ; Info     ; Stuck at VCC          ;
; mod[2]          ; Input ; Info     ; Stuck at GND          ;
; mod[1]          ; Input ; Info     ; Stuck at VCC          ;
; mod[0]          ; Input ; Info     ; Stuck at GND          ;
+-----------------+-------+----------+-----------------------+


+------------------------------------------------------------+
; Port Connectivity Checks: "ModuleDivision:ModuleDivision3" ;
+-----------------+-------+----------+-----------------------+
; Port            ; Type  ; Severity ; Details               ;
+-----------------+-------+----------+-----------------------+
; divider[9..5]   ; Input ; Info     ; Stuck at VCC          ;
; divider[15..10] ; Input ; Info     ; Stuck at GND          ;
; divider[2..0]   ; Input ; Info     ; Stuck at GND          ;
; divider[4]      ; Input ; Info     ; Stuck at GND          ;
; divider[3]      ; Input ; Info     ; Stuck at VCC          ;
; mod[15..4]      ; Input ; Info     ; Stuck at GND          ;
; mod[3]          ; Input ; Info     ; Stuck at VCC          ;
; mod[2]          ; Input ; Info     ; Stuck at GND          ;
; mod[1]          ; Input ; Info     ; Stuck at VCC          ;
; mod[0]          ; Input ; Info     ; Stuck at GND          ;
+-----------------+-------+----------+-----------------------+


+------------------------------------------------------------+
; Port Connectivity Checks: "ModuleDivision:ModuleDivision2" ;
+----------------+-------+----------+------------------------+
; Port           ; Type  ; Severity ; Details                ;
+----------------+-------+----------+------------------------+
; divider[6..5]  ; Input ; Info     ; Stuck at VCC           ;
; divider[15..7] ; Input ; Info     ; Stuck at GND           ;
; divider[4..3]  ; Input ; Info     ; Stuck at GND           ;
; divider[1..0]  ; Input ; Info     ; Stuck at GND           ;
; divider[2]     ; Input ; Info     ; Stuck at VCC           ;
; mod[15..4]     ; Input ; Info     ; Stuck at GND           ;
; mod[3]         ; Input ; Info     ; Stuck at VCC           ;
; mod[2]         ; Input ; Info     ; Stuck at GND           ;
; mod[1]         ; Input ; Info     ; Stuck at VCC           ;
; mod[0]         ; Input ; Info     ; Stuck at GND           ;
+----------------+-------+----------+------------------------+


+------------------------------------------------------------+
; Port Connectivity Checks: "ModuleDivision:ModuleDivision1" ;
+----------------+-------+----------+------------------------+
; Port           ; Type  ; Severity ; Details                ;
+----------------+-------+----------+------------------------+
; divider[15..4] ; Input ; Info     ; Stuck at GND           ;
; divider[3]     ; Input ; Info     ; Stuck at VCC           ;
; divider[2]     ; Input ; Info     ; Stuck at GND           ;
; divider[1]     ; Input ; Info     ; Stuck at VCC           ;
; divider[0]     ; Input ; Info     ; Stuck at GND           ;
; mod[15..4]     ; Input ; Info     ; Stuck at GND           ;
; mod[3]         ; Input ; Info     ; Stuck at VCC           ;
; mod[2]         ; Input ; Info     ; Stuck at GND           ;
; mod[1]         ; Input ; Info     ; Stuck at VCC           ;
; mod[0]         ; Input ; Info     ; Stuck at GND           ;
+----------------+-------+----------+------------------------+


+------------------------------------------------------------+
; Port Connectivity Checks: "ModuleDivision:ModuleDivision0" ;
+----------------+-------+----------+------------------------+
; Port           ; Type  ; Severity ; Details                ;
+----------------+-------+----------+------------------------+
; divider[15..1] ; Input ; Info     ; Stuck at GND           ;
; divider[0]     ; Input ; Info     ; Stuck at VCC           ;
; mod[15..4]     ; Input ; Info     ; Stuck at GND           ;
; mod[3]         ; Input ; Info     ; Stuck at VCC           ;
; mod[2]         ; Input ; Info     ; Stuck at GND           ;
; mod[1]         ; Input ; Info     ; Stuck at VCC           ;
; mod[0]         ; Input ; Info     ; Stuck at GND           ;
+----------------+-------+----------+------------------------+


+-----------------------------------------------------+
; Post-Synthesis Netlist Statistics for Top Partition ;
+-----------------------+-----------------------------+
; Type                  ; Count                       ;
+-----------------------+-----------------------------+
; arriav_ff             ; 49                          ;
;     SCLR              ; 48                          ;
;     plain             ; 1                           ;
; arriav_lcell_comb     ; 1906                        ;
;     arith             ; 934                         ;
;         0 data inputs ; 141                         ;
;         1 data inputs ; 128                         ;
;         2 data inputs ; 43                          ;
;         3 data inputs ; 354                         ;
;         4 data inputs ; 268                         ;
;     normal            ; 904                         ;
;         1 data inputs ; 5                           ;
;         2 data inputs ; 513                         ;
;         3 data inputs ; 162                         ;
;         4 data inputs ; 199                         ;
;         5 data inputs ; 18                          ;
;         6 data inputs ; 7                           ;
;     shared            ; 68                          ;
;         0 data inputs ; 21                          ;
;         1 data inputs ; 47                          ;
; boundary_port         ; 47                          ;
;                       ;                             ;
; Max LUT depth         ; 31.30                       ;
; Average LUT depth     ; 24.60                       ;
+-----------------------+-----------------------------+


+-------------------------------+
; Elapsed Time Per Partition    ;
+----------------+--------------+
; Partition Name ; Elapsed Time ;
+----------------+--------------+
; Top            ; 00:00:04     ;
+----------------+--------------+


+-------------------------------+
; Analysis & Synthesis Messages ;
+-------------------------------+
Info: *******************************************************************
Info: Running Quartus Prime Analysis & Synthesis
    Info: Version 20.1.1 Build 720 11/11/2020 SJ Lite Edition
    Info: Processing started: Thu Jul 22 22:20:35 2021
Info: Command: quartus_map --read_settings_files=on --write_settings_files=off DCalles_Lab7_7Segments -c DCalles_Lab7_7Segments
Warning (18236): Number of processors has not been specified which may cause overloading on shared machines.  Set the global assignment NUM_PARALLEL_PROCESSORS in your QSF to an appropriate value for best performance.
Info (20030): Parallel compilation is enabled and will use 4 of the 4 processors detected
Info (12021): Found 1 design units, including 1 entities, in source file sevensegments.v
    Info (12023): Found entity 1: SevenSegments File: C:/Users/yodav/Documents/Conestoga_College/FIRST_TERM/Digital_Design/LABS/Lab7/Verilog/SevenSegments.v Line: 11
Info (12021): Found 1 design units, including 1 entities, in source file dcalles_lab7_7segments.v
    Info (12023): Found entity 1: DCalles_Lab7_7Segments File: C:/Users/yodav/Documents/Conestoga_College/FIRST_TERM/Digital_Design/LABS/Lab7/Verilog/DCalles_Lab7_7Segments.v Line: 13
Info (12021): Found 1 design units, including 1 entities, in source file counter16bits.v
    Info (12023): Found entity 1: Counter16Bits File: C:/Users/yodav/Documents/Conestoga_College/FIRST_TERM/Digital_Design/LABS/Lab7/Verilog/Counter16Bits.v Line: 14
Info (12021): Found 1 design units, including 1 entities, in source file freqdivider.v
    Info (12023): Found entity 1: FreqDivider File: C:/Users/yodav/Documents/Conestoga_College/FIRST_TERM/Digital_Design/LABS/Lab7/Verilog/FreqDivider.v Line: 13
Info (12021): Found 1 design units, including 1 entities, in source file moduledivision.v
    Info (12023): Found entity 1: ModuleDivision File: C:/Users/yodav/Documents/Conestoga_College/FIRST_TERM/Digital_Design/LABS/Lab7/Verilog/ModuleDivision.v Line: 11
Info (12127): Elaborating entity "DCalles_Lab7_7Segments" for the top level hierarchy
Info (12128): Elaborating entity "SevenSegments" for hierarchy "SevenSegments:SevenSegments0" File: C:/Users/yodav/Documents/Conestoga_College/FIRST_TERM/Digital_Design/LABS/Lab7/Verilog/DCalles_Lab7_7Segments.v Line: 56
Info (12128): Elaborating entity "Counter16Bits" for hierarchy "Counter16Bits:Counter16Bits0" File: C:/Users/yodav/Documents/Conestoga_College/FIRST_TERM/Digital_Design/LABS/Lab7/Verilog/DCalles_Lab7_7Segments.v Line: 77
Info (12128): Elaborating entity "FreqDivider" for hierarchy "FreqDivider:FreqDivider0" File: C:/Users/yodav/Documents/Conestoga_College/FIRST_TERM/Digital_Design/LABS/Lab7/Verilog/DCalles_Lab7_7Segments.v Line: 81
Info (12128): Elaborating entity "ModuleDivision" for hierarchy "ModuleDivision:ModuleDivision0" File: C:/Users/yodav/Documents/Conestoga_College/FIRST_TERM/Digital_Design/LABS/Lab7/Verilog/DCalles_Lab7_7Segments.v Line: 85
Warning (10235): Verilog HDL Always Construct warning at ModuleDivision.v(36): variable "divider" is read inside the Always Construct but isn't in the Always Construct's Event Control File: C:/Users/yodav/Documents/Conestoga_College/FIRST_TERM/Digital_Design/LABS/Lab7/Verilog/ModuleDivision.v Line: 36
Warning (10235): Verilog HDL Always Construct warning at ModuleDivision.v(37): variable "mod" is read inside the Always Construct but isn't in the Always Construct's Event Control File: C:/Users/yodav/Documents/Conestoga_College/FIRST_TERM/Digital_Design/LABS/Lab7/Verilog/ModuleDivision.v Line: 37
Warning (10235): Verilog HDL Always Construct warning at ModuleDivision.v(40): variable "numberSignal" is read inside the Always Construct but isn't in the Always Construct's Event Control File: C:/Users/yodav/Documents/Conestoga_College/FIRST_TERM/Digital_Design/LABS/Lab7/Verilog/ModuleDivision.v Line: 40
Warning (10235): Verilog HDL Always Construct warning at ModuleDivision.v(40): variable "dividerSignal" is read inside the Always Construct but isn't in the Always Construct's Event Control File: C:/Users/yodav/Documents/Conestoga_College/FIRST_TERM/Digital_Design/LABS/Lab7/Verilog/ModuleDivision.v Line: 40
Warning (10235): Verilog HDL Always Construct warning at ModuleDivision.v(40): variable "moduleSignal" is read inside the Always Construct but isn't in the Always Construct's Event Control File: C:/Users/yodav/Documents/Conestoga_College/FIRST_TERM/Digital_Design/LABS/Lab7/Verilog/ModuleDivision.v Line: 40
Warning (10230): Verilog HDL assignment warning at ModuleDivision.v(40): truncated value with size 16 to match size of target (4) File: C:/Users/yodav/Documents/Conestoga_College/FIRST_TERM/Digital_Design/LABS/Lab7/Verilog/ModuleDivision.v Line: 40
Info (278001): Inferred 9 megafunctions from design logic
    Info (278004): Inferred divider/modulo megafunction ("lpm_divide") from the following logic: "ModuleDivision:ModuleDivision0|Mod0" File: C:/Users/yodav/Documents/Conestoga_College/FIRST_TERM/Digital_Design/LABS/Lab7/Verilog/ModuleDivision.v Line: 40
    Info (278004): Inferred divider/modulo megafunction ("lpm_divide") from the following logic: "ModuleDivision:ModuleDivision1|Div0" File: C:/Users/yodav/Documents/Conestoga_College/FIRST_TERM/Digital_Design/LABS/Lab7/Verilog/ModuleDivision.v Line: 40
    Info (278004): Inferred divider/modulo megafunction ("lpm_divide") from the following logic: "ModuleDivision:ModuleDivision1|Mod0" File: C:/Users/yodav/Documents/Conestoga_College/FIRST_TERM/Digital_Design/LABS/Lab7/Verilog/ModuleDivision.v Line: 40
    Info (278004): Inferred divider/modulo megafunction ("lpm_divide") from the following logic: "ModuleDivision:ModuleDivision2|Div0" File: C:/Users/yodav/Documents/Conestoga_College/FIRST_TERM/Digital_Design/LABS/Lab7/Verilog/ModuleDivision.v Line: 40
    Info (278004): Inferred divider/modulo megafunction ("lpm_divide") from the following logic: "ModuleDivision:ModuleDivision2|Mod0" File: C:/Users/yodav/Documents/Conestoga_College/FIRST_TERM/Digital_Design/LABS/Lab7/Verilog/ModuleDivision.v Line: 40
    Info (278004): Inferred divider/modulo megafunction ("lpm_divide") from the following logic: "ModuleDivision:ModuleDivision3|Div0" File: C:/Users/yodav/Documents/Conestoga_College/FIRST_TERM/Digital_Design/LABS/Lab7/Verilog/ModuleDivision.v Line: 40
    Info (278004): Inferred divider/modulo megafunction ("lpm_divide") from the following logic: "ModuleDivision:ModuleDivision3|Mod0" File: C:/Users/yodav/Documents/Conestoga_College/FIRST_TERM/Digital_Design/LABS/Lab7/Verilog/ModuleDivision.v Line: 40
    Info (278004): Inferred divider/modulo megafunction ("lpm_divide") from the following logic: "ModuleDivision:ModuleDivision4|Div0" File: C:/Users/yodav/Documents/Conestoga_College/FIRST_TERM/Digital_Design/LABS/Lab7/Verilog/ModuleDivision.v Line: 40
    Info (278004): Inferred divider/modulo megafunction ("lpm_divide") from the following logic: "ModuleDivision:ModuleDivision4|Mod0" File: C:/Users/yodav/Documents/Conestoga_College/FIRST_TERM/Digital_Design/LABS/Lab7/Verilog/ModuleDivision.v Line: 40
Info (12130): Elaborated megafunction instantiation "ModuleDivision:ModuleDivision0|lpm_divide:Mod0" File: C:/Users/yodav/Documents/Conestoga_College/FIRST_TERM/Digital_Design/LABS/Lab7/Verilog/ModuleDivision.v Line: 40
Info (12133): Instantiated megafunction "ModuleDivision:ModuleDivision0|lpm_divide:Mod0" with the following parameter: File: C:/Users/yodav/Documents/Conestoga_College/FIRST_TERM/Digital_Design/LABS/Lab7/Verilog/ModuleDivision.v Line: 40
    Info (12134): Parameter "LPM_WIDTHN" = "16"
    Info (12134): Parameter "LPM_WIDTHD" = "16"
    Info (12134): Parameter "LPM_NREPRESENTATION" = "UNSIGNED"
    Info (12134): Parameter "LPM_DREPRESENTATION" = "UNSIGNED"
Info (12021): Found 1 design units, including 1 entities, in source file db/lpm_divide_a5m.tdf
    Info (12023): Found entity 1: lpm_divide_a5m File: C:/Users/yodav/Documents/Conestoga_College/FIRST_TERM/Digital_Design/LABS/Lab7/Verilog/db/lpm_divide_a5m.tdf Line: 25
Info (12021): Found 1 design units, including 1 entities, in source file db/sign_div_unsign_dnh.tdf
    Info (12023): Found entity 1: sign_div_unsign_dnh File: C:/Users/yodav/Documents/Conestoga_College/FIRST_TERM/Digital_Design/LABS/Lab7/Verilog/db/sign_div_unsign_dnh.tdf Line: 25
Info (12021): Found 1 design units, including 1 entities, in source file db/alt_u_div_03f.tdf
    Info (12023): Found entity 1: alt_u_div_03f File: C:/Users/yodav/Documents/Conestoga_College/FIRST_TERM/Digital_Design/LABS/Lab7/Verilog/db/alt_u_div_03f.tdf Line: 23
Info (12130): Elaborated megafunction instantiation "ModuleDivision:ModuleDivision1|lpm_divide:Div0" File: C:/Users/yodav/Documents/Conestoga_College/FIRST_TERM/Digital_Design/LABS/Lab7/Verilog/ModuleDivision.v Line: 40
Info (12133): Instantiated megafunction "ModuleDivision:ModuleDivision1|lpm_divide:Div0" with the following parameter: File: C:/Users/yodav/Documents/Conestoga_College/FIRST_TERM/Digital_Design/LABS/Lab7/Verilog/ModuleDivision.v Line: 40
    Info (12134): Parameter "LPM_WIDTHN" = "16"
    Info (12134): Parameter "LPM_WIDTHD" = "16"
    Info (12134): Parameter "LPM_NREPRESENTATION" = "UNSIGNED"
    Info (12134): Parameter "LPM_DREPRESENTATION" = "UNSIGNED"
Info (12021): Found 1 design units, including 1 entities, in source file db/lpm_divide_7dm.tdf
    Info (12023): Found entity 1: lpm_divide_7dm File: C:/Users/yodav/Documents/Conestoga_College/FIRST_TERM/Digital_Design/LABS/Lab7/Verilog/db/lpm_divide_7dm.tdf Line: 25
Info (12130): Elaborated megafunction instantiation "ModuleDivision:ModuleDivision2|lpm_divide:Div0" File: C:/Users/yodav/Documents/Conestoga_College/FIRST_TERM/Digital_Design/LABS/Lab7/Verilog/ModuleDivision.v Line: 40
Info (12133): Instantiated megafunction "ModuleDivision:ModuleDivision2|lpm_divide:Div0" with the following parameter: File: C:/Users/yodav/Documents/Conestoga_College/FIRST_TERM/Digital_Design/LABS/Lab7/Verilog/ModuleDivision.v Line: 40
    Info (12134): Parameter "LPM_WIDTHN" = "16"
    Info (12134): Parameter "LPM_WIDTHD" = "16"
    Info (12134): Parameter "LPM_NREPRESENTATION" = "UNSIGNED"
    Info (12134): Parameter "LPM_DREPRESENTATION" = "UNSIGNED"
Info (12130): Elaborated megafunction instantiation "ModuleDivision:ModuleDivision3|lpm_divide:Div0" File: C:/Users/yodav/Documents/Conestoga_College/FIRST_TERM/Digital_Design/LABS/Lab7/Verilog/ModuleDivision.v Line: 40
Info (12133): Instantiated megafunction "ModuleDivision:ModuleDivision3|lpm_divide:Div0" with the following parameter: File: C:/Users/yodav/Documents/Conestoga_College/FIRST_TERM/Digital_Design/LABS/Lab7/Verilog/ModuleDivision.v Line: 40
    Info (12134): Parameter "LPM_WIDTHN" = "16"
    Info (12134): Parameter "LPM_WIDTHD" = "16"
    Info (12134): Parameter "LPM_NREPRESENTATION" = "UNSIGNED"
    Info (12134): Parameter "LPM_DREPRESENTATION" = "UNSIGNED"
Info (12130): Elaborated megafunction instantiation "ModuleDivision:ModuleDivision4|lpm_divide:Div0" File: C:/Users/yodav/Documents/Conestoga_College/FIRST_TERM/Digital_Design/LABS/Lab7/Verilog/ModuleDivision.v Line: 40
Info (12133): Instantiated megafunction "ModuleDivision:ModuleDivision4|lpm_divide:Div0" with the following parameter: File: C:/Users/yodav/Documents/Conestoga_College/FIRST_TERM/Digital_Design/LABS/Lab7/Verilog/ModuleDivision.v Line: 40
    Info (12134): Parameter "LPM_WIDTHN" = "16"
    Info (12134): Parameter "LPM_WIDTHD" = "16"
    Info (12134): Parameter "LPM_NREPRESENTATION" = "UNSIGNED"
    Info (12134): Parameter "LPM_DREPRESENTATION" = "UNSIGNED"
Info (286030): Timing-Driven Synthesis is running
Warning (20013): Ignored 24 assignments for entity "DCalles_Lab7_SevenSegments" -- entity does not exist in design
    Warning (20014): Assignment for entity set_instance_assignment -name PARTITION_HIERARCHY root_partition -to | -entity DCalles_Lab7_SevenSegments -section_id Top was ignored
    Warning (20014): Assignment for entity set_global_assignment -name PARTITION_NETLIST_TYPE SOURCE -entity DCalles_Lab7_SevenSegments -section_id Top was ignored
    Warning (20014): Assignment for entity set_global_assignment -name PARTITION_FITTER_PRESERVATION_LEVEL PLACEMENT_AND_ROUTING -entity DCalles_Lab7_SevenSegments -section_id Top was ignored
    Warning (20014): Assignment for entity set_global_assignment -name PARTITION_PRESERVE_HIGH_SPEED_TILES ON -entity DCalles_Lab7_SevenSegments -section_id Top was ignored
    Warning (20014): Assignment for entity set_global_assignment -name PARTITION_IGNORE_SOURCE_FILE_CHANGES OFF -entity DCalles_Lab7_SevenSegments -section_id Top was ignored
    Warning (20014): Assignment for entity set_global_assignment -name PARTITION_ALWAYS_USE_QXP_NETLIST OFF -entity DCalles_Lab7_SevenSegments -section_id Top was ignored
    Warning (20014): Assignment for entity set_global_assignment -name PARTITION_COLOR 16764057 -entity DCalles_Lab7_SevenSegments -section_id Top was ignored
    Warning (20014): Assignment for entity set_global_assignment -name PARTITION_IMPORT_ASSIGNMENTS ON -entity DCalles_Lab7_SevenSegments -section_id Top was ignored
    Warning (20014): Assignment for entity set_global_assignment -name PARTITION_IMPORT_EXISTING_ASSIGNMENTS REPLACE_CONFLICTING -entity DCalles_Lab7_SevenSegments -section_id Top was ignored
    Warning (20014): Assignment for entity set_global_assignment -name PARTITION_IMPORT_EXISTING_LOGICLOCK_REGIONS UPDATE_CONFLICTING -entity DCalles_Lab7_SevenSegments -section_id Top was ignored
    Warning (20014): Assignment for entity set_global_assignment -name PARTITION_IMPORT_PIN_ASSIGNMENTS ON -entity DCalles_Lab7_SevenSegments -section_id Top was ignored
    Warning (20014): Assignment for entity set_global_assignment -name PARTITION_IMPORT_PROMOTE_ASSIGNMENTS ON -entity DCalles_Lab7_SevenSegments -section_id Top was ignored
    Warning (20014): Assignment for entity set_global_assignment -name PARTITION_TYPE STANDARD_PARTITION -entity DCalles_Lab7_SevenSegments -section_id Top was ignored
    Warning (20014): Assignment for entity set_global_assignment -name ALLOW_MULTIPLE_PERSONAS OFF -entity DCalles_Lab7_SevenSegments -section_id Top was ignored
    Warning (20014): Assignment for entity set_global_assignment -name PARTITION_ASD_REGION_ID 1 -entity DCalles_Lab7_SevenSegments -section_id Top was ignored
    Warning (20014): Assignment for entity set_global_assignment -name CROSS_BOUNDARY_OPTIMIZATIONS OFF -entity DCalles_Lab7_SevenSegments -section_id Top was ignored
    Warning (20014): Assignment for entity set_global_assignment -name PROPAGATE_CONSTANTS_ON_INPUTS ON -entity DCalles_Lab7_SevenSegments -section_id Top was ignored
    Warning (20014): Assignment for entity set_global_assignment -name PROPAGATE_INVERSIONS_ON_INPUTS ON -entity DCalles_Lab7_SevenSegments -section_id Top was ignored
    Warning (20014): Assignment for entity set_global_assignment -name REMOVE_LOGIC_ON_UNCONNECTED_OUTPUTS ON -entity DCalles_Lab7_SevenSegments -section_id Top was ignored
    Warning (20014): Assignment for entity set_global_assignment -name MERGE_EQUIVALENT_INPUTS ON -entity DCalles_Lab7_SevenSegments -section_id Top was ignored
    Warning (20014): Assignment for entity set_global_assignment -name MERGE_EQUIVALENT_BIDIRS ON -entity DCalles_Lab7_SevenSegments -section_id Top was ignored
    Warning (20014): Assignment for entity set_global_assignment -name ABSORB_PATHS_FROM_OUTPUTS_TO_INPUTS ON -entity DCalles_Lab7_SevenSegments -section_id Top was ignored
    Warning (20014): Assignment for entity set_global_assignment -name PARTITION_EXTRACT_HARD_BLOCK_NODES ON -entity DCalles_Lab7_SevenSegments -section_id Top was ignored
    Warning (20014): Assignment for entity set_global_assignment -name PARTITION_ENABLE_STRICT_PRESERVATION OFF -entity DCalles_Lab7_SevenSegments -section_id Top was ignored
Info (16010): Generating hard_block partition "hard_block:auto_generated_inst"
    Info (16011): Adding 0 node(s), including 0 DDIO, 0 PLL, 0 transceiver and 0 LCELL
Info (21057): Implemented 1948 device resources after synthesis - the final resource count might be different
    Info (21058): Implemented 12 input pins
    Info (21059): Implemented 35 output pins
    Info (21061): Implemented 1901 logic cells
Info: Quartus Prime Analysis & Synthesis was successful. 0 errors, 32 warnings
    Info: Peak virtual memory: 4836 megabytes
    Info: Processing ended: Thu Jul 22 22:20:50 2021
    Info: Elapsed time: 00:00:15
    Info: Total CPU time (on all processors): 00:00:27


